[minhngoc.iwedding.info/index.html]
[backblue.gif]
[fade.gif]
[index.html]
[cdn.biihappy.com/ziiweb/website/69d663504ad40a298e090dc5/518cc68fcb819e820b14fc0481ae7e48.jpg]
[minhngoc.iwedding.info/templates/template6/css/libs3d0d.css]
[minhngoc.iwedding.info/common/calendar3d0d.css]
[minhngoc.iwedding.info/common/toastr/toastr.min3d0d.css]
[minhngoc.iwedding.info/templates/template6/css/style3d0d.css]
[cdn.biihappy.com/ziiweb/website/69d663504ad40a298e090dc5/983f9d8fa5ca124720f06aae93b61d8e.jpg]
[cdn.biihappy.com/ziiweb/website/69d663504ad40a298e090dc5/3120c81dbd4a10d7c090aa160f18c076.jpg]
[cdn.biihappy.com/ziiweb/images/static/common/wishes.png]
[minhngoc.iwedding.info/rsvp.html]
[cdn.biihappy.com/ziiweb/images/static/common/rsvp4.png]
[cdn.biihappy.com/ziiweb/website/69d663504ad40a298e090dc5/templates/6174ee7a7a1c7661fb0a671c/3357bcff89f96ec39ee809be17ed7303.jpg]
[cdn.biihappy.com/ziiweb/website/69d663504ad40a298e090dc5/9311ba25482798334c387960a14886ef.jpg]
[cdn.biihappy.com/ziiweb/website/69d663504ad40a298e090dc5/c763c6a7843183eb15902e794a2fe1b1.jpg]
[cdn.biihappy.com/ziiweb/website/69d663504ad40a298e090dc5/7ca286f029040462e874b7cd5f1fd883.jpg]
[cdn.biihappy.com/ziiweb/website/69d663504ad40a298e090dc5/a675a75953b598b19663b0dc6ca6bc02.jpg]
[cdn.biihappy.com/ziiweb/website/69d663504ad40a298e090dc5/519528071872b9685e4a89f24b6c1c81.jpg]
[cdn.biihappy.com/ziiweb/website/69d663504ad40a298e090dc5/ec875757417b15d04c232c214dc0f262.jpg]
[cdn.biihappy.com/ziiweb/website/69d663504ad40a298e090dc5/galleries/69d6678e8a058f3ea708d428/small.jpg]
[cdn.biihappy.com/ziiweb/website/69d663504ad40a298e090dc5/galleries/69d6677128d9244d8601f446/small.jpg]
[cdn.biihappy.com/ziiweb/website/69d663504ad40a298e090dc5/galleries/69d667846aa4a14073026e1a/small.jpg]
[cdn.biihappy.com/ziiweb/website/69d663504ad40a298e090dc5/galleries/69d667636aa4a14073026e19/small.jpg]
[cdn.biihappy.com/ziiweb/website/69d663504ad40a298e090dc5/galleries/69d667b19789ca891d04d399/small.jpg]
[cdn.biihappy.com/ziiweb/website/69d663504ad40a298e090dc5/galleries/69d66803889166fe330a7d96/small.jpg]
[cdn.biihappy.com/ziiweb/website/69d663504ad40a298e090dc5/galleries/69d6679f18f964a03803d2c4/small.jpg]
[cdn.biihappy.com/ziiweb/website/69d663504ad40a298e090dc5/galleries/69d6694de3da1ed8d301c916/small.jpg]
[cdn.biihappy.com/ziiweb/website/69d663504ad40a298e090dc5/templates/6174ee7a7a1c7661fb0a671c/c11962a26a18a52ca6d15d030fd85fb5.jpg]
[minhngoc.iwedding.info/templates/template6/js/jquery-plugin-collection3d0d.js]
[minhngoc.iwedding.info/templates/template6/js/script3d0d.js]
[minhngoc.iwedding.info/common/calendar3d0d.js]
[minhngoc.iwedding.info/common/biicommon.min3d0d.js]
[minhngoc.iwedding.info/common/emoji-picker/js/insertTextAtCursor3d0d.js]
[minhngoc.iwedding.info/common/emoji-picker/js/init3d0d.js]
[minhngoc.iwedding.info/index.html]
[minhngoc.iwedding.info/common/toastr/toastr.min3d0d.js]
[minhngoc.iwedding.info/templates/template6/css/fonts/themify9f24.eot]
[minhngoc.iwedding.info/templates/template6/css/fonts/themifyd41d.eot]
[minhngoc.iwedding.info/templates/template6/css/fonts/themify9f24.woff]
[minhngoc.iwedding.info/templates/template6/css/fonts/themify9f24.ttf]
[minhngoc.iwedding.info/templates/template6/css/fonts/themify9f24.svg]
[minhngoc.iwedding.info/templates/template6/css/fonts/fontawesome-webfont3e6e3e6e.eot]
[minhngoc.iwedding.info/templates/template6/css/fonts/fontawesome-webfontd41dd41d.eot]
[minhngoc.iwedding.info/templates/template6/css/fonts/fontawesome-webfont3e6e3e6e.woff2]
[minhngoc.iwedding.info/templates/template6/css/fonts/fontawesome-webfont3e6e3e6e.woff]
[minhngoc.iwedding.info/templates/template6/css/fonts/fontawesome-webfont3e6e3e6e.ttf]
[minhngoc.iwedding.info/templates/template6/css/fonts/fontawesome-webfont3e6e3e6e.svg]
[minhngoc.iwedding.info/templates/template6/fonts/glyphicons-halflings-regular.html]
[minhngoc.iwedding.info/templates/template6/fonts/glyphicons-halflings-regulard41dd41d.html]
[minhngoc.iwedding.info/templates/template6/fonts/glyphicons-halflings-regular-2.html]
[minhngoc.iwedding.info/templates/template6/fonts/glyphicons-halflings-regular-3.html]
[minhngoc.iwedding.info/templates/template6/fonts/glyphicons-halflings-regular-4.html]
[minhngoc.iwedding.info/templates/template6/fonts/glyphicons-halflings-regular-5.html]
[minhngoc.iwedding.info/templates/template6/css/owl.video.play.html]
[minhngoc.iwedding.info/templates/template6/css/images/close.png]
[minhngoc.iwedding.info/templates/template6/css/images/loading.gif]
[minhngoc.iwedding.info/templates/template6/css/images/prev.png]
[minhngoc.iwedding.info/templates/template6/css/images/next.png]
[minhngoc.iwedding.info/templates/template6/images/fancybox/fancybox_sprite.png]
[minhngoc.iwedding.info/templates/template6/images/fancybox/fancybox_loading.gif]
[minhngoc.iwedding.info/templates/template6/images/fancybox/blank.gif]
[minhngoc.iwedding.info/templates/template6/images/fancybox/fancybox_overlay.png]
[minhngoc.iwedding.info/templates/template6/images/fancybox/fancybox_sprite@2x.png]
[minhngoc.iwedding.info/templates/template6/images/fancybox/fancybox_loading@2x.gif]
[minhngoc.iwedding.info/templates/template6/css/fonts/lgd641.eot]
[minhngoc.iwedding.info/templates/template6/css/fonts/lgd41d.eot]
[minhngoc.iwedding.info/templates/template6/css/fonts/lgd641.woff]
[minhngoc.iwedding.info/templates/template6/css/fonts/lgd641.ttf]
[minhngoc.iwedding.info/templates/template6/css/fonts/lgd641.svg]
[minhngoc.iwedding.info/templates/template6/img/vimeo-play.png]
[minhngoc.iwedding.info/templates/template6/img/video-play.png]
[minhngoc.iwedding.info/templates/template6/img/youtube-play.png]
[minhngoc.iwedding.info/templates/template6/img/loading.gif]
[minhngoc.iwedding.info/templates/template6/css/libs3d0d.css]
[minhngoc.iwedding.info/common/calendar3d0d.css]
[minhngoc.iwedding.info/common/toastr/toastr.min3d0d.css]
[minhngoc.iwedding.info/templates/template6/img/video-bg.jpg]
[minhngoc.iwedding.info/templates/template6/img/header-bg.jpg]
[minhngoc.iwedding.info/templates/template6/img/accept.png]
[cdn.biihappy.com/ziiweb/images/static/common/searchicon.png]
[minhngoc.iwedding.info/templates/template6/css/style3d0d.css]
[cdn.jsdelivr.net/npm/bootstrap@5.2.0/dist/css/bootstrap.min.css]
[minhngoc.iwedding.info/album/heart.gif]
[minhngoc.iwedding.info/rsvp.html]
[minhngoc.iwedding.info/templates/template6/css/fonts/themify9f24.svg]
[minhngoc.iwedding.info/templates/template6/css/fonts/fontawesome-webfont3e6e3e6e.svg]
[minhngoc.iwedding.info/rsvp-template/script7625.js]
[minhngoc.iwedding.info/templates/template6/fonts/glyphicons-halflings-regular.html]
[minhngoc.iwedding.info/templates/template6/fonts/glyphicons-halflings-regulard41dd41d.html]
[minhngoc.iwedding.info/templates/template6/fonts/glyphicons-halflings-regular-2.html]
[minhngoc.iwedding.info/templates/template6/fonts/glyphicons-halflings-regular-3.html]
[minhngoc.iwedding.info/templates/template6/fonts/glyphicons-halflings-regular-4.html]
[minhngoc.iwedding.info/templates/template6/fonts/glyphicons-halflings-regular-5.html]
[minhngoc.iwedding.info/templates/template6/css/owl.video.play.html]
[minhngoc.iwedding.info/templates/template6/css/fonts/lgd641.svg]
[minhngoc.iwedding.info/templates/template6/img/vimeo-play.html]
[minhngoc.iwedding.info/templates/template6/img/video-play.html]
[minhngoc.iwedding.info/templates/template6/img/youtube-play.html]
[cdn.jsdelivr.net/npm/bootstrap@5.2.0/dist/css/bootstrap.min.css]
[minhngoc.iwedding.info/404/style.css]
[minhngoc.iwedding.info/404/style.css]
